00000000-00000fff : Reserved
00001000-0009ffff : System RAM
000e0000-000e0fff : Reserved
000f0000-000fffff : System ROM
00100000-001fffff : ACPI Tables
00200000-f7ffffff : System RAM
  01000000-022053c7 : Kernel code
  02400000-02d8bfff : Kernel rodata
  02e00000-0309127f : Kernel data
  03827000-039fffff : Kernel bss
f8000000-f8001fff : 5b536c35-4a5f-49bc-8ce4-7c7e48ab6cba
f8002000-f8003fff : f9e65bf8-f3de-4294-9d52-f09ca504c618
f8004000-f8005fff : f40ff8fb-43ed-417f-8ded-47fa69fe78d1
f8006000-f8007fff : 025db25d-77ee-48c8-99e1-7b4205385a15
f8008000-f8009fff : 4b4712a2-2610-4e97-9583-30a27029d43d
fec00000-fec00fff : PNP0003:00
fee00000-fee00fff : Local APIC
  fee00000-fee00fff : PNP0003:00
100000000-197dfffff : System RAM
c00000000-c00002fff : 5b536c35-4a5f-49bc-8ce4-7c7e48ab6cba
  c00000000-c00000fff : 4a5f:00:00.0
    c00000000-c00000fff : virtio-pci-modern
  c00001000-c00001fff : 4a5f:00:00.0
  c00002000-c00002fff : 4a5f:00:00.0
    c00002000-c00002fff : virtio-pci-modern
c00004000-c00006fff : f9e65bf8-f3de-4294-9d52-f09ca504c618
  c00004000-c00004fff : f3de:00:00.0
    c00004000-c00004fff : virtio-pci-modern
  c00005000-c00005fff : f3de:00:00.0
  c00006000-c00006fff : f3de:00:00.0
    c00006000-c00006fff : virtio-pci-modern
c00008000-c0000afff : f40ff8fb-43ed-417f-8ded-47fa69fe78d1
  c00008000-c00008fff : 43ed:00:00.0
    c00008000-c00008fff : virtio-pci-modern
  c00009000-c00009fff : 43ed:00:00.0
  c0000a000-c0000afff : 43ed:00:00.0
    c0000a000-c0000afff : virtio-pci-modern
c0000c000-c0000efff : 025db25d-77ee-48c8-99e1-7b4205385a15
  c0000c000-c0000cfff : 77ee:00:00.0
    c0000c000-c0000cfff : virtio-pci-modern
  c0000d000-c0000dfff : 77ee:00:00.0
  c0000e000-c0000efff : 77ee:00:00.0
    c0000e000-c0000efff : virtio-pci-modern
c00010000-c00012fff : 4b4712a2-2610-4e97-9583-30a27029d43d
  c00010000-c00010fff : 2610:00:00.0
    c00010000-c00010fff : virtio-pci-modern
  c00011000-c00011fff : 2610:00:00.0
  c00012000-c00012fff : 2610:00:00.0
    c00012000-c00012fff : virtio-pci-modern
