00000000-00000fff : Reserved
00001000-00054fff : System RAM
00055000-0005ffff : Reserved
00060000-00097fff : System RAM
00098000-0009ffff : Reserved
000a0000-000bffff : PCI Bus 0000:00
000f0000-000fffff : System ROM
00100000-bf8ecfff : System RAM
bf8ed000-bf9ecfff : Reserved
bf9ed000-bfaecfff : Unknown E820 type
bfaed000-bfb6cfff : Reserved
bfb6d000-bfb7efff : ACPI Tables
bfb7f000-bfbfefff : ACPI Non-volatile Storage
bfbff000-bffdffff : System RAM
bffe0000-bfffffff : Reserved
c0000000-febfefff : PCI Bus 0000:00
  c0000000-c0003fff : 0000:00:05.0
    c0000000-c0003fff : nvme
  c0100000-c01fffff : 0000:00:03.0
    c0100000-c01fffff : gvnic-cfg
  c0200000-c020007f : 0000:00:03.0
    c0200000-c020007f : gvnic-cfg
  c0201000-c020103f : 0000:00:05.0
    c0201000-c020103f : nvme
  c0202000-c020203f : 0000:00:04.0
  c0203000-c0203fff : 0000:00:03.0
    c0203000-c0203fff : gvnic-cfg
fec00000-fec003ff : IOAPIC 0
fed40000-fed44fff : MSFT0101:00
  fed40000-fed44fff : MSFT0101:00 MSFT0101:00
fee00000-fee00fff : Local APIC
100000000-23fffffff : System RAM
  210800000-211402047 : Kernel code
  211600000-211cc5fff : Kernel rodata
  211e00000-21207ddbf : Kernel data
  212654000-2129fffff : Kernel bss